// Jest Snapshot v1, https://goo.gl/fbAQLP

exports[`<SvgIcon /> renders the component 1`] = `
<DocumentFragment>
  <svg
    class="svg-icon"
    color="#FF69B4"
    fill="currentcolor"
    height="32"
    preserveAspectRatio="xMidYMid meet"
    viewBox="0 0 32 32"
    width="32"
    x="0"
    xmlns="http://www.w3.org/2000/svg"
    y="0"
  >
    <g
      fill="currentcolor"
    >
      <path
        d="M16,0C7.2,0,0,7.2,0,16s7.2,16,16,16s16-7.2,16-16S24.8,0,16,0z M22,8c1.1,0,2,1.3,2,3s-0.9,3-2,3s-2-1.3-2-3S20.9,8,22,8z M10,8c1.1,0,2,1.3,2,3s-0.9,3-2,3s-2-1.3-2-3S8.9,8,10,8z M16,28c-5.2,0-9.5-4.4-10-9.9c2.9,1.7,6.4,2.7,10,2.7s7.1-1,10-2.7C25.5,23.6,21.2,28,16,28L16,28z"
      />
    </g>
  </svg>
</DocumentFragment>
`;
