// Jest Snapshot v1, https://goo.gl/fbAQLP

exports[`<SvgBubbleSlider /> renders the component 1`] = `
<DocumentFragment>
  <svg
    class="SvgBubbleSlider "
  >
    <circle
      class="dot"
      cx="0"
      cy="0"
      fill="hotpink"
      r="30"
    />
  </svg>
</DocumentFragment>
`;
